========================================
Samsung Cloud Platform v2 Deployment Log
File Storage Lab Environment
Started: 2025-09-04 08:51:17
========================================

2025-09-04 08:51:17 [SUCCESS] Deployment environment initialized
2025-09-04 08:51:17 [INFO] Master log file: D:\scpv2\advance_ha\file_storage\lab_logs\deployment_20250904_085117.log
2025-09-04 08:51:17 [INFO] 🔍 Scanning for previous deployment attempts...
2025-09-04 08:51:17 [INFO] No previous deployment status markers found
2025-09-04 08:51:17 [INFO] NORMALIZE mode selected - Variables and UserData preparation
2025-09-04 08:51:17 [INFO] Debug mode enabled - verbose output will be shown
2025-09-04 08:51:17 [INFO] 🚀 SAMSUNG CLOUD PLATFORM v2 FILE STORAGE NORMALIZATION STARTED
2025-09-04 08:51:17 [INFO] Tracked: DEPLOYMENT_START infrastructure
2025-09-04 08:51:17 [INFO] [1/3] Executing variables_manager...
2025-09-04 08:51:17 [INFO] Starting variables_manager (log: D:\scpv2\advance_ha\file_storage\lab_logs\variables_manager_20250904_085117.log)
2025-09-04 08:51:17 [WARNING] Could not find TERRAFORM_INFRASTRUCTURE_VARIABLES section in variables.tf
2025-09-04 08:51:17 [WARNING] Image/Engine IDs will be available in variables.json but not injected into variables.tf
2025-09-04 08:51:17 [SUCCESS] variables_manager completed successfully in 0.5115945s

=== variables_manager Output ===
Module log file not found: D:\scpv2\advance_ha\file_storage\lab_logs\variables_manager_20250904_085117.log

2025-09-04 08:51:17 [INFO] Tracked: CREATE variables.json
2025-09-04 08:51:17 [INFO] [2/3] Executing userdata_manager...
2025-09-04 08:51:17 [INFO] Starting userdata_manager (log: D:\scpv2\advance_ha\file_storage\lab_logs\userdata_manager_20250904_085117.log)
2025-09-04 08:51:18 [SUCCESS] userdata_manager completed successfully in 0.2579536s

=== userdata_manager Output ===
Module log file not found: D:\scpv2\advance_ha\file_storage\lab_logs\userdata_manager_20250904_085117.log

2025-09-04 08:51:18 [INFO] Tracked: CREATE userdata_files
2025-09-04 08:51:18 [SUCCESS] 🎉 NORMALIZATION COMPLETED SUCCESSFULLY!
2025-09-04 08:51:18 [INFO] 📊 Final Status:
2025-09-04 08:51:18 [INFO]   - Variables: D:\scpv2\advance_ha\file_storage\scripts\variables.json
2025-09-04 08:51:18 [INFO]   - UserData: D:\scpv2\advance_ha\file_storage\scripts\generated_userdata\
2025-09-04 08:51:18 [INFO]   - Lab Logs: D:\scpv2\advance_ha\file_storage\lab_logs\
2025-09-04 08:51:18 [INFO]   - Master Log: D:\scpv2\advance_ha\file_storage\lab_logs\deployment_20250904_085117.log
